Launching lib\main.dart on Chrome in debug mode...
Waiting for connection from debug service on Chrome...             84.3s

Flutter run key commands.
r Hot reload. 
R Hot restart.
h List all available interactive commands.
d Detach (terminate "flutter run" but leave application running).
c Clear the screen
q Quit (terminate the application on the device).

This app is linked to the debug service: ws://127.0.0.1:55361/hcQ2F_X4cTU=/ws
Debug service listening on ws://127.0.0.1:55361/hcQ2F_X4cTU=/ws
A Dart VM Service on Chrome is available at: http://127.0.0.1:55361/hcQ2F_X4cTU=
The Flutter DevTools debugger and profiler on Chrome is available at: http://127.0.0.1:55361/hcQ2F_X4cTU=/devtools/?uri=ws://127.0.0.1:55361/hcQ2F_X4cTU=/ws
Starting application from main method in: org-dartlang-app:///web_entrypoint.dart.
DartError: Assertion failed: file:///C:/Users/taimo/AppData/Local/Pub/Cache/hosted/pub.dev/firebase_core_web-2.24.1/lib/src/firebase_core_web.dart:288:11
options != null
"FirebaseOptions cannot be null when creating the default app."
dart-sdk/lib/_internal/js_dev_runtime/private/ddc_runtime/errors.dart 274:3       throw_
dart-sdk/lib/_internal/js_dev_runtime/private/ddc_runtime/errors.dart 44:3        assertFailed
package:firebase_core_web/src/firebase_core_web.dart 288:18                       <fn>
dart-sdk/lib/_internal/js_dev_runtime/patch/async_patch.dart 618:19               <fn>
dart-sdk/lib/_internal/js_dev_runtime/patch/async_patch.dart 643:23               <fn>
dart-sdk/lib/_internal/js_dev_runtime/patch/async_patch.dart 589:19               <fn>
dart-sdk/lib/async/zone.dart 1034:54                                              runUnary
dart-sdk/lib/async/future_impl.dart 222:18                                        handleValue
dart-sdk/lib/async/future_impl.dart 948:44                                        handleValueCallback
dart-sdk/lib/async/future_impl.dart 977:13                                        _propagateToListeners
dart-sdk/lib/async/future_impl.dart 720:5                                         [_completeWithValue]
dart-sdk/lib/_internal/js_dev_runtime/patch/async_patch.dart 499:7                complete
dart-sdk/lib/_internal/js_dev_runtime/patch/async_patch.dart 566:12               _asyncReturn
package:firebase_core_web/src/firebase_core_web.dart 198:3                        <fn>
dart-sdk/lib/_internal/js_dev_runtime/patch/async_patch.dart 618:19               <fn>
dart-sdk/lib/_internal/js_dev_runtime/patch/async_patch.dart 643:23               <fn>
dart-sdk/lib/_internal/js_dev_runtime/patch/async_patch.dart 589:19               <fn>
dart-sdk/lib/async/zone.dart 1034:54                                              runUnary
dart-sdk/lib/async/future_impl.dart 222:18                                        handleValue
dart-sdk/lib/async/future_impl.dart 948:44                                        handleValueCallback
dart-sdk/lib/async/future_impl.dart 977:13                                        _propagateToListeners
dart-sdk/lib/async/future_impl.dart 720:5                                         [_completeWithValue]
dart-sdk/lib/async/future.dart 575:22                                             <fn>
dart-sdk/lib/async/zone.dart 1034:54                                              runUnary
dart-sdk/lib/async/future_impl.dart 222:18                                        handleValue
dart-sdk/lib/async/future_impl.dart 948:44                                        handleValueCallback
dart-sdk/lib/async/future_impl.dart 977:13                                        _propagateToListeners
dart-sdk/lib/async/future_impl.dart 720:5                                         [_completeWithValue]
dart-sdk/lib/_internal/js_dev_runtime/patch/async_patch.dart 499:7                complete
dart-sdk/lib/_internal/js_dev_runtime/patch/async_patch.dart 566:12               _asyncReturn
package:firebase_core_web/src/firebase_core_web.dart 172:3                        <fn>
dart-sdk/lib/_internal/js_dev_runtime/patch/async_patch.dart 618:19               <fn>
dart-sdk/lib/_internal/js_dev_runtime/patch/async_patch.dart 643:23               <fn>
dart-sdk/lib/_internal/js_dev_runtime/patch/async_patch.dart 589:19               <fn>
dart-sdk/lib/async/zone.dart 1034:54                                              runUnary
dart-sdk/lib/async/future_impl.dart 222:18                                        handleValue
dart-sdk/lib/async/future_impl.dart 948:44                                        handleValueCallback
dart-sdk/lib/async/future_impl.dart 977:13                                        _propagateToListeners
dart-sdk/lib/async/future_impl.dart 720:5                                         [_completeWithValue]
dart-sdk/lib/async/future_impl.dart 804:7                                         <fn>
dart-sdk/lib/async/schedule_microtask.dart 40:34                                  _microtaskLoop
dart-sdk/lib/async/schedule_microtask.dart 49:5                                   _startMicrotaskLoop
dart-sdk/lib/_internal/js_dev_runtime/private/ddc_runtime/operations.dart 118:77  tear
dart-sdk/lib/_internal/js_dev_runtime/patch/async_patch.dart 183:69               <fn>
Starting application from main method in: org-dartlang-app:///web_entrypoint.dart.
DartError: Assertion failed: file:///C:/Users/taimo/AppData/Local/Pub/Cache/hosted/pub.dev/firebase_core_web-2.24.1/lib/src/firebase_core_web.dart:288:11
options != null
"FirebaseOptions cannot be null when creating the default app."
dart-sdk/lib/_internal/js_dev_runtime/private/ddc_runtime/errors.dart 274:3       throw_
dart-sdk/lib/_internal/js_dev_runtime/private/ddc_runtime/errors.dart 44:3        assertFailed
package:firebase_core_web/src/firebase_core_web.dart 288:18                       <fn>
dart-sdk/lib/_internal/js_dev_runtime/patch/async_patch.dart 618:19               <fn>
dart-sdk/lib/_internal/js_dev_runtime/patch/async_patch.dart 643:23               <fn>
dart-sdk/lib/_internal/js_dev_runtime/patch/async_patch.dart 589:19               <fn>
dart-sdk/lib/async/zone.dart 1034:54                                              runUnary
dart-sdk/lib/async/future_impl.dart 222:18                                        handleValue
dart-sdk/lib/async/future_impl.dart 948:44                                        handleValueCallback
dart-sdk/lib/async/future_impl.dart 977:13                                        _propagateToListeners
dart-sdk/lib/async/future_impl.dart 720:5                                         [_completeWithValue]
dart-sdk/lib/_internal/js_dev_runtime/patch/async_patch.dart 499:7                complete
dart-sdk/lib/_internal/js_dev_runtime/patch/async_patch.dart 566:12               _asyncReturn
package:firebase_core_web/src/firebase_core_web.dart 198:3                        <fn>
dart-sdk/lib/_internal/js_dev_runtime/patch/async_patch.dart 618:19               <fn>
dart-sdk/lib/_internal/js_dev_runtime/patch/async_patch.dart 643:23               <fn>
dart-sdk/lib/_internal/js_dev_runtime/patch/async_patch.dart 589:19               <fn>
dart-sdk/lib/async/zone.dart 1034:54                                              runUnary
dart-sdk/lib/async/future_impl.dart 222:18                                        handleValue
dart-sdk/lib/async/future_impl.dart 948:44                                        handleValueCallback
dart-sdk/lib/async/future_impl.dart 977:13                                        _propagateToListeners
dart-sdk/lib/async/future_impl.dart 720:5                                         [_completeWithValue]
dart-sdk/lib/async/future.dart 575:22                                             <fn>
dart-sdk/lib/async/zone.dart 1034:54                                              runUnary
dart-sdk/lib/async/future_impl.dart 222:18                                        handleValue
dart-sdk/lib/async/future_impl.dart 948:44                                        handleValueCallback
dart-sdk/lib/async/future_impl.dart 977:13                                        _propagateToListeners
dart-sdk/lib/async/future_impl.dart 720:5                                         [_completeWithValue]
dart-sdk/lib/_internal/js_dev_runtime/patch/async_patch.dart 499:7                complete
dart-sdk/lib/_internal/js_dev_runtime/patch/async_patch.dart 566:12               _asyncReturn
package:firebase_core_web/src/firebase_core_web.dart 172:3                        <fn>
dart-sdk/lib/_internal/js_dev_runtime/patch/async_patch.dart 618:19               <fn>
dart-sdk/lib/_internal/js_dev_runtime/patch/async_patch.dart 643:23               <fn>
dart-sdk/lib/_internal/js_dev_runtime/patch/async_patch.dart 589:19               <fn>
dart-sdk/lib/async/zone.dart 1034:54                                              runUnary
dart-sdk/lib/async/future_impl.dart 222:18                                        handleValue
dart-sdk/lib/async/future_impl.dart 948:44                                        handleValueCallback
dart-sdk/lib/async/future_impl.dart 977:13                                        _propagateToListeners
dart-sdk/lib/async/future_impl.dart 720:5                                         [_completeWithValue]
dart-sdk/lib/async/future_impl.dart 804:7                                         <fn>
dart-sdk/lib/async/schedule_microtask.dart 40:34                                  _microtaskLoop
dart-sdk/lib/async/schedule_microtask.dart 49:5                                   _startMicrotaskLoop
dart-sdk/lib/_internal/js_dev_runtime/private/ddc_runtime/operations.dart 118:77  tear
dart-sdk/lib/_internal/js_dev_runtime/patch/async_patch.dart 183:69               <fn>
Starting application from main method in: org-dartlang-app:///web_entrypoint.dart.
A message on the flutter/lifecycle channel was discarded before it could be handled.
This happens when a plugin sends messages to the framework side before the framework has had an opportunity to register a listener. See the ChannelBuffers API documentation for details on how to configure the channel to expect more messages, or to expect messages to get discarded:
  https://api.flutter.dev/flutter/dart-ui/ChannelBuffers-class.html
A message on the flutter/lifecycle channel was discarded before it could be handled.
This happens when a plugin sends messages to the framework side before the framework has had an opportunity to register a listener. See the ChannelBuffers API documentation for details on how to configure the channel to expect more messages, or to expect messages to get discarded:
  https://api.flutter.dev/flutter/dart-ui/ChannelBuffers-class.html
DartError: Assertion failed: file:///C:/Users/taimo/AppData/Local/Pub/Cache/hosted/pub.dev/firebase_core_web-2.24.1/lib/src/firebase_core_web.dart:288:11
options != null
"FirebaseOptions cannot be null when creating the default app."
dart-sdk/lib/_internal/js_dev_runtime/private/ddc_runtime/errors.dart 274:3       throw_
dart-sdk/lib/_internal/js_dev_runtime/private/ddc_runtime/errors.dart 44:3        assertFailed
package:firebase_core_web/src/firebase_core_web.dart 288:18                       <fn>
dart-sdk/lib/_internal/js_dev_runtime/patch/async_patch.dart 618:19               <fn>
dart-sdk/lib/_internal/js_dev_runtime/patch/async_patch.dart 643:23               <fn>
dart-sdk/lib/_internal/js_dev_runtime/patch/async_patch.dart 589:19               <fn>
dart-sdk/lib/async/zone.dart 1034:54                                              runUnary
dart-sdk/lib/async/future_impl.dart 222:18                                        handleValue
dart-sdk/lib/async/future_impl.dart 948:44                                        handleValueCallback
dart-sdk/lib/async/future_impl.dart 977:13                                        _propagateToListeners
dart-sdk/lib/async/future_impl.dart 720:5                                         [_completeWithValue]
dart-sdk/lib/_internal/js_dev_runtime/patch/async_patch.dart 499:7                complete
dart-sdk/lib/_internal/js_dev_runtime/patch/async_patch.dart 566:12               _asyncReturn
package:firebase_core_web/src/firebase_core_web.dart 198:3                        <fn>
dart-sdk/lib/_internal/js_dev_runtime/patch/async_patch.dart 618:19               <fn>
dart-sdk/lib/_internal/js_dev_runtime/patch/async_patch.dart 643:23               <fn>
dart-sdk/lib/_internal/js_dev_runtime/patch/async_patch.dart 589:19               <fn>
dart-sdk/lib/async/zone.dart 1034:54                                              runUnary
dart-sdk/lib/async/future_impl.dart 222:18                                        handleValue
dart-sdk/lib/async/future_impl.dart 948:44                                        handleValueCallback
dart-sdk/lib/async/future_impl.dart 977:13                                        _propagateToListeners
dart-sdk/lib/async/future_impl.dart 720:5                                         [_completeWithValue]
dart-sdk/lib/async/future.dart 575:22                                             <fn>
dart-sdk/lib/async/zone.dart 1034:54                                              runUnary
dart-sdk/lib/async/future_impl.dart 222:18                                        handleValue
dart-sdk/lib/async/future_impl.dart 948:44                                        handleValueCallback
dart-sdk/lib/async/future_impl.dart 977:13                                        _propagateToListeners
dart-sdk/lib/async/future_impl.dart 720:5                                         [_completeWithValue]
dart-sdk/lib/_internal/js_dev_runtime/patch/async_patch.dart 499:7                complete
dart-sdk/lib/_internal/js_dev_runtime/patch/async_patch.dart 566:12               _asyncReturn
package:firebase_core_web/src/firebase_core_web.dart 172:3                        <fn>
dart-sdk/lib/_internal/js_dev_runtime/patch/async_patch.dart 618:19               <fn>
dart-sdk/lib/_internal/js_dev_runtime/patch/async_patch.dart 643:23               <fn>
dart-sdk/lib/_internal/js_dev_runtime/patch/async_patch.dart 589:19               <fn>
dart-sdk/lib/async/zone.dart 1034:54                                              runUnary
dart-sdk/lib/async/future_impl.dart 222:18                                        handleValue
dart-sdk/lib/async/future_impl.dart 948:44                                        handleValueCallback
dart-sdk/lib/async/future_impl.dart 977:13                                        _propagateToListeners
dart-sdk/lib/async/future_impl.dart 720:5                                         [_completeWithValue]
dart-sdk/lib/async/future_impl.dart 804:7                                         <fn>
dart-sdk/lib/async/schedule_microtask.dart 40:34                                  _microtaskLoop
dart-sdk/lib/async/schedule_microtask.dart 49:5                                   _startMicrotaskLoop
dart-sdk/lib/_internal/js_dev_runtime/private/ddc_runtime/operations.dart 118:77  tear
dart-sdk/lib/_internal/js_dev_runtime/patch/async_patch.dart 183:69               <fn>
Application finished.
